C:\Users\herncarl\temp\percipio\compay_web>ssh-keygen -t rsa -b 4096 -C "carlos-angel.hernandez-alaniz@hpe.com"
Generating public/private rsa key pair.
Enter file in which to save the key (C:\Users\herncarl/.ssh/id_rsa): c2k5
Enter passphrase (empty for no passphrase):
Enter same passphrase again:
Your identification has been saved in c2k5.
Your public key has been saved in c2k5.pub.
The key fingerprint is:
SHA256:ztfpb9bLLFYoyee/JrnIQ5liHIAsc7m7Shi8UcVq7IA carlos-angel.hernandez-alaniz@hpe.com
The key's randomart image is:
+---[RSA 4096]----+
|    o.o          |
|   o.* .         |
|. ..= . .        |
|E..+ .   .       |
| ++   . S o + .  |
|  =. . o + O + . |
| o .  . + + * o. |
|  .  .   ..o.*=..|
|   ..      o+=B*o|
+----[SHA256]-----+

C:\Users\herncarl\temp\percipio\compay_web>cat README.md
'cat' is not recognized as an internal or external command,
operable program or batch file.

C:\Users\herncarl\temp\percipio\compay_web>bat README.md
───────┬─────────────────────────────────────────────────────────────────────────────────────────────────────────────────────────────────────────────────────
    │ File: README.md
───────┼─────────────────────────────────────────────────────────────────────────────────────────────────────────────────────────────────────────────────────
1   │ "Brocadero webpage"
   2   │

C:\Users\herncarl\temp\percipio\compay_web>vim README.md

C:\Users\herncarl\temp\percipio\compay_web>dir
 Volume in drive C is PC COE
 Volume Serial Number is FE46-E3DF

 Directory of C:\Users\herncarl\temp\percipio\compay_web

19/10/2020  01:46 p. m.    <DIR>          .
19/10/2020  01:46 p. m.    <DIR>          ..
19/10/2020  01:46 p. m.             3,326 c2k5
19/10/2020  01:46 p. m.               764 c2k5.pub
19/10/2020  01:15 p. m.                44 info.txt
19/10/2020  01:16 p. m.                24 README.md
               4 File(s)          4,158 bytes
               2 Dir(s)  31,038,414,848 bytes free

C:\Users\herncarl\temp\percipio\compay_web>bat c2k5.pub
───────┬─────────────────────────────────────────────────────────────────────────────────────────────────────────────────────────────────────────────────────
    │ File: c2k5.pub
───────┼─────────────────────────────────────────────────────────────────────────────────────────────────────────────────────────────────────────────────────
1   │ ssh-rsa AAAAB3NzaC1yc2EAAAADAQABAAACAQDdaagAbrIcOQQ7Y/ahujpJQ0u/B81rpZVyDUuI6IjTlYvcoQ1Nbie4xMIK4YQ0Kfv1In3eHk2Xuyw6Qfz5smn3D92OLmyK1TjurszbfTyfk0w0
 │ 1qAkZaaqKzchTmpraCNgSY52b8c1+lrbQ5LKb1bm/JTz9TiJjmTuJPv3PKz3C23vIYdAyWH4Ne5Jb7SxOYijVUBre0YiqKldv6A3eITkQlbyQ1C1Y90tEf+4QBvVqq/O/jDDe2Fhm6Ue6+tKtO2o       │
odXyklhMD+pmEwPpMoI7xSxOTCevf0nbceuDKJvvNbJZ8QoAAlYOrfFa3UbZvV7INGUAdzJWdWoAaQsmf56n1ith+El881mMOpmVrylwLyb6cx2Gatpe2wvazeQrsMkOzp35GwdkGoM6VqWczBGN       │ zJw
sdmrn/Fcg/vOztPOVMWSFhm/82s8bNNh6kRIpOWu+Dj0jLYFjrRg+GrFsxR6XqECRscH6nwZRw0LJCjnnFrtqBTNAxVBr/X47FZq4W3FDDSRr3ILdepcApQSZGRfz7aQzw6JZWYNGIfrF7GbK       │ lJkhkZ
fgvu90SkAvu4+pjwlWWw1c0+wS8jIgkHBWxCHUcf6YSD3tQTXRy0/V1KJXy6bBUuzoC0WSRPysWWEu+WzMJvS2SIuqR7Zg7hlPw5lxH9uDPXC0K0tM1iQmmuqzzw== carlos-angel.he       │ rnandez-a
laniz@hpe.com

C:\Users\herncarl\temp\percipio\compay_web>vim c2k5.pub

C:\Users\herncarl\temp\percipio\compay_web>git status
On branch master
Untracked files:
  (use "git add <file>..." to include in what will be committed)
        c2k5
        c2k5.pub

nothing added to commit but untracked files present (use "git add" to track)

C:\Users\herncarl\temp\percipio\compay_web>git status
On branch master
nothing to commit, working tree clean

C:\Users\herncarl\temp\percipio\compay_web>bat ~/.ssh/c2k5.pub
[bat error]: '~/.ssh/c2k5.pub': The system cannot find the path specified. (os error 3)

C:\Users\herncarl\temp\percipio\compay_web>bat ~\.ssh\c2k5.pub
[bat error]: '~\.ssh\c2k5.pub': The system cannot find the path specified. (os error 3)

C:\Users\herncarl\temp\percipio\compay_web>bat c:/users/herncarl\.ssh\c2k5.pub
───────┬─────────────────────────────────────────────────────────────────────────────────────────────────────────────────────────────────────────────────────
    │ File: c:/users/herncarl\.ssh\c2k5.pub
───────┼─────────────────────────────────────────────────────────────────────────────────────────────────────────────────────────────────────────────────────
1   │ ssh-rsa AAAAB3NzaC1yc2EAAAADAQABAAACAQDdaagAbrIcOQQ7Y/ahujpJQ0u/B81rpZVyDUuI6IjTlYvcoQ1Nbie4xMIK4YQ0Kfv1In3eHk2Xuyw6Qfz5smn3D92OLmyK1TjurszbfTyfk0w0
 │ 1qAkZaaqKzchTmpraCNgSY52b8c1+lrbQ5LKb1bm/JTz9TiJjmTuJPv3PKz3C23vIYdAyWH4Ne5Jb7SxOYijVUBre0YiqKldv6A3eITkQlbyQ1C1Y90tEf+4QBvVqq/O/jDDe2Fhm6Ue6+tKtO2o       │
odXyklhMD+pmEwPpMoI7xSxOTCevf0nbceuDKJvvNbJZ8QoAAlYOrfFa3UbZvV7INGUAdzJWdWoAaQsmf56n1ith+El881mMOpmVrylwLyb6cx2Gatpe2wvazeQrsMkOzp35GwdkGoM6VqWczBGN       │ zJw
sdmrn/Fcg/vOztPOVMWSFhm/82s8bNNh6kRIpOWu+Dj0jLYFjrRg+GrFsxR6XqECRscH6nwZRw0LJCjnnFrtqBTNAxVBr/X47FZq4W3FDDSRr3ILdepcApQSZGRfz7aQzw6JZWYNGIfrF7GbK       │ lJkhkZ
fgvu90SkAvu4+pjwlWWw1c0+wS8jIgkHBWxCHUcf6YSD3tQTXRy0/V1KJXy6bBUuzoC0WSRPysWWEu+WzMJvS2SIuqR7Zg7hlPw5lxH9uDPXC0K0tM1iQmmuqzzw== carlos-angel.he       │ rnandez-a
laniz@hpe.com

C:\Users\herncarl\temp\percipio\compay_web>bat c:/users/herncarl\.ssh\c2k5.pub
───────┬─────────────────────────────────────────────────────────────────────────────────────────────────────────────────────────────────────────────────────
    │ File: c:/users/herncarl\.ssh\c2k5.pub
───────┼─────────────────────────────────────────────────────────────────────────────────────────────────────────────────────────────────────────────────────
1   │ ssh-rsa AAAAB3NzaC1yc2EAAAADAQABAAACAQDdaagAbrIcOQQ7Y/ahujpJQ0u/B81rpZVyDUuI6IjTlYvcoQ1Nbie4xMIK4YQ0Kfv1In3eHk2Xuyw6Qfz5smn3D92OLmyK1TjurszbfTyfk0w0
 │ 1qAkZaaqKzchTmpraCNgSY52b8c1+lrbQ5LKb1bm/JTz9TiJjmTuJPv3PKz3C23vIYdAyWH4Ne5Jb7SxOYijVUBre0YiqKldv6A3eITkQlbyQ1C1Y90tEf+4QBvVqq/O/jDDe2Fhm6Ue6+tKtO2o       │
odXyklhMD+pmEwPpMoI7xSxOTCevf0nbceuDKJvvNbJZ8QoAAlYOrfFa3UbZvV7INGUAdzJWdWoAaQsmf56n1ith+El881mMOpmVrylwLyb6cx2Gatpe2wvazeQrsMkOzp35GwdkGoM6VqWczBGN       │ zJw
sdmrn/Fcg/vOztPOVMWSFhm/82s8bNNh6kRIpOWu+Dj0jLYFjrRg+GrFsxR6XqECRscH6nwZRw0LJCjnnFrtqBTNAxVBr/X47FZq4W3FDDSRr3ILdepcApQSZGRfz7aQzw6JZWYNGIfrF7GbK       │ lJkhkZ
fgvu90SkAvu4+pjwlWWw1c0+wS8jIgkHBWxCHUcf6YSD3tQTXRy0/V1KJXy6bBUuzoC0WSRPysWWEu+WzMJvS2SIuqR7Zg7hlPw5lxH9uDPXC0K0tM1iQmmuqzzw== carlos-angel.he       │ rnandez-a
laniz@hpe.com

C:\Users\herncarl\temp\percipio\compay_web>bat c:/users/herncarl\.ssh\c2k5.pub
───────┬─────────────────────────────────────────────────────────────────────────────────────────────────────────────────────────────────────────────────────
    │ File: c:/users/herncarl\.ssh\c2k5.pub
───────┼─────────────────────────────────────────────────────────────────────────────────────────────────────────────────────────────────────────────────────
1   │ ssh-rsa AAAAB3NzaC1yc2EAAAADAQABAAACAQDdaagAbrIcOQQ7Y/ahujpJQ0u/B81rpZVyDUuI6IjTlYvcoQ1Nbie4xMIK4YQ0Kfv1In3eHk2Xuyw6Qfz5smn3D92OLmyK1TjurszbfTyfk0w0
 │ 1qAkZaaqKzchTmpraCNgSY52b8c1+lrbQ5LKb1bm/JTz9TiJjmTuJPv3PKz3C23vIYdAyWH4Ne5Jb7SxOYijVUBre0YiqKldv6A3eITkQlbyQ1C1Y90tEf+4QBvVqq/O/jDDe2Fhm6Ue6+tKtO2o       │
odXyklhMD+pmEwPpMoI7xSxOTCevf0nbceuDKJvvNbJZ8QoAAlYOrfFa3UbZvV7INGUAdzJWdWoAaQsmf56n1ith+El881mMOpmVrylwLyb6cx2Gatpe2wvazeQrsMkOzp35GwdkGoM6VqWczBGN       │ zJw
sdmrn/Fcg/vOztPOVMWSFhm/82s8bNNh6kRIpOWu+Dj0jLYFjrRg+GrFsxR6XqECRscH6nwZRw0LJCjnnFrtqBTNAxVBr/X47FZq4W3FDDSRr3ILdepcApQSZGRfz7aQzw6JZWYNGIfrF7GbK       │ lJkhkZ
fgvu90SkAvu4+pjwlWWw1c0+wS8jIgkHBWxCHUcf6YSD3tQTXRy0/V1KJXy6bBUuzoC0WSRPysWWEu+WzMJvS2SIuqR7Zg7hlPw5lxH9uDPXC0K0tM1iQmmuqzzw== carlos-angel.he       │ rnandez-a
laniz@hpe.com

C:\Users\herncarl\temp\percipio\compay_web>vim ~/.ssh/c2k5.pub

C:\Users\herncarl\temp\percipio\compay_web>ssh -T git@github.com
The authenticity of host 'github.com (140.82.114.3)' can't be established.
RSA key fingerprint is SHA256:nThbg6kXUpJWGl7E1IGOCspRomTxdCARLviKw6E5SY8.
Are you sure you want to continue connecting (yes/no)? yes
Warning: Permanently added 'github.com,140.82.114.3' (RSA) to the list of known hosts.
git@github.com: Permission denied (publickey).

C:\Users\herncarl\temp\percipio\compay_web>ssh -T git@github.com
Warning: Permanently added the RSA host key for IP address '140.82.113.3' to the list of known hosts.
git@github.com: Permission denied (publickey).

C:\Users\herncarl\temp\percipio\compay_web>ssh-add C:\Users\herncarl\.ssh\
Error connecting to agent: No such file or directory

C:\Users\herncarl\temp\percipio\compay_web>ssh-add --help
Error connecting to agent: No such file or directory

C:\Users\herncarl\temp\percipio\compay_web>ssh-add -h
Error connecting to agent: No such file or directory

C:\Users\herncarl\temp\percipio\compay_web>ssh-add
Error connecting to agent: No such file or directory

C:\Users\herncarl\temp\percipio\compay_web>ssh-add C:\Users\herncarl\.ssh\c2k5
Error connecting to agent: No such file or directory

C:\Users\herncarl\temp\percipio\compay_web>ssh-add C:\Users/herncarl/.ssh/c2k5
Error connecting to agent: No such file or directory

C:\Users\herncarl\temp\percipio\compay_web>ssh-add C:\Users/herncarl/.ssh/c2k5
Error connecting to agent: No such file or directory

C:\Users\herncarl\temp\percipio\compay_web>ssh -T git@github.com
Warning: Permanently added the RSA host key for IP address '140.82.113.4' to the list of known hosts.
Enter passphrase for key 'C:\Users\herncarl/.ssh/id_rsa':

C:\Users\herncarl\temp\percipio\compay_web>ssh -T git@github.com
git@github.com: Permission denied (publickey).

C:\Users\herncarl\temp\percipio\compay_web>ssh-add -l -E sha256
Error connecting to agent: No such file or directory

C:\Users\herncarl\temp\percipio\compay_web>ssh-agent
unable to start ssh-agent service, error :1058

C:\Users\herncarl\temp\percipio\compay_web>ssh-agent -s
unable to start ssh-agent service, error :1058

C:\Users\herncarl\temp\percipio\compay_web>ssh-add -l -E sha256
Error connecting to agent: No such file or directory

C:\Users\herncarl\temp\percipio\compay_web>ssh-add -l -E sha256
The agent has no identities.

C:\Users\herncarl\temp\percipio\compay_web>ssh-add C:\Users\herncarl\.ssh\
Error loading key "C:\Users\herncarl\.ssh\": Operation not permitted

C:\Users\herncarl\temp\percipio\compay_web>ssh-add C:\Users\herncarl\.ssh\c2k5
Enter passphrase for C:\Users\herncarl\.ssh\c2k5:
Identity added: C:\Users\herncarl\.ssh\c2k5 (C:\Users\herncarl\.ssh\c2k5)

C:\Users\herncarl\temp\percipio\compay_web>ssh -T git@github.com
warning: agent returned different signature type ssh-rsa (expected rsa-sha2-512)
Hi damedetufruta! You've successfully authenticated, but GitHub does not provide shell access.

C:\Users\herncarl\temp\percipio\compay_web>git status
On branch master
nothing to commit, working tree clean

C:\Users\herncarl\temp\percipio\compay_web>git remote -v
origin  https://github.com/damedetufruta/web-page-repo.git (fetch)
origin  https://github.com/damedetufruta/web-page-repo.git (push)

C:\Users\herncarl\temp\percipio\compay_web>git push origin master
Logon failed, use ctrl+c to cancel basic credential prompt.
Username for 'https://github.com': carlosh2k5+gh@github.com
Password for 'https://carlosh2k5+gh@github.com@github.com':
remote: Invalid username or password.
fatal: Authentication failed for 'https://github.com/damedetufruta/web-page-repo.git/'

C:\Users\herncarl\temp\percipio\compay_web>git push origin master
Logon failed, use ctrl+c to cancel basic credential prompt.
Username for 'https://github.com': carlosh2k5+gh@gmail.com
Password for 'https://carlosh2k5+gh@gmail.com@github.com':
Enumerating objects: 4, done.
Counting objects: 100% (4/4), done.
Delta compression using up to 8 threads
Compressing objects: 100% (2/2), done.
Writing objects: 100% (4/4), 349 bytes | 174.00 KiB/s, done.
Total 4 (delta 0), reused 0 (delta 0), pack-reused 0
To https://github.com/damedetufruta/web-page-repo.git
 * [new branch]      master -> master

C:\Users\herncarl\temp\percipio\compay_web>git status
On branch master
nothing to commit, working tree clean

C:\Users\herncarl\temp\percipio\compay_web>vim

C:\Users\herncarl\temp\percipio\compay_web>git status
On branch master
Untracked files:
  (use "git add <file>..." to include in what will be committed)
        company_web_page.html
        images/

nothing added to commit but untracked files present (use "git add" to track)

C:\Users\herncarl\temp\percipio\compay_web>git add .

C:\Users\herncarl\temp\percipio\compay_web>git status
On branch master
Changes to be committed:
  (use "git restore --staged <file>..." to unstage)
        new file:   company_web_page.html
        new file:   images/logo.jpg


C:\Users\herncarl\temp\percipio\compay_web>git commit -m "Added web page"
[master ae26201] Added web page
 2 files changed, 17 insertions(+)
 create mode 100644 company_web_page.html
 create mode 100644 images/logo.jpg

C:\Users\herncarl\temp\percipio\compay_web>git logo
ae26201 (HEAD -> master) Added web page
6ff7d18 (origin/master) This is my first commit

C:\Users\herncarl\temp\percipio\compay_web>git status
On branch master
nothing to commit, working tree clean

C:\Users\herncarl\temp\percipio\compay_web>git push origin master
Enumerating objects: 6, done.
Counting objects: 100% (6/6), done.
Delta compression using up to 8 threads
Compressing objects: 100% (4/4), done.
Writing objects: 100% (5/5), 14.26 KiB | 3.57 MiB/s, done.
Total 5 (delta 0), reused 0 (delta 0), pack-reused 0
To https://github.com/damedetufruta/web-page-repo.git
   6ff7d18..ae26201  master -> master

C:\Users\herncarl\temp\percipio\compay_web>vim about_company.html

C:\Users\herncarl\temp\percipio\compay_web>git status
On branch master
Untracked files:
  (use "git add <file>..." to include in what will be committed)
        about_company.html

nothing added to commit but untracked files present (use "git add" to track)

C:\Users\herncarl\temp\percipio\compay_web>git add about_company.html

C:\Users\herncarl\temp\percipio\compay_web>git status
On branch master
Changes to be committed:
  (use "git restore --staged <file>..." to unstage)
        new file:   about_company.html


C:\Users\herncarl\temp\percipio\compay_web>dir
 Volume in drive C is PC COE
 Volume Serial Number is FE46-E3DF

 Directory of C:\Users\herncarl\temp\percipio\compay_web

19/10/2020  03:11 p. m.    <DIR>          .
19/10/2020  03:11 p. m.    <DIR>          ..
19/10/2020  03:11 p. m.             1,087 about_company.html
19/10/2020  02:54 p. m.               443 company_web_page.html
19/10/2020  02:57 p. m.    <DIR>          images
19/10/2020  01:15 p. m.                44 info.txt
19/10/2020  01:16 p. m.                24 README.md
               4 File(s)          1,598 bytes
               3 Dir(s)  28,757,979,136 bytes free

C:\Users\herncarl\temp\percipio\compay_web>vim company_web_page.html

C:\Users\herncarl\temp\percipio\compay_web>git status
On branch master
Changes to be committed:
  (use "git restore --staged <file>..." to unstage)
        new file:   about_company.html

Changes not staged for commit:
  (use "git add <file>..." to update what will be committed)
  (use "git restore <file>..." to discard changes in working directory)
        modified:   company_web_page.html


C:\Users\herncarl\temp\percipio\compay_web>git add company_web_page.html

C:\Users\herncarl\temp\percipio\compay_web>git status
On branch master
Changes to be committed:
  (use "git restore --staged <file>..." to unstage)
        new file:   about_company.html
        modified:   company_web_page.html


C:\Users\herncarl\temp\percipio\compay_web>vim company_web_page.html

C:\Users\herncarl\temp\percipio\compay_web>git status
On branch master
Changes to be committed:
  (use "git restore --staged <file>..." to unstage)
        new file:   about_company.html
        modified:   company_web_page.html

Changes not staged for commit:
  (use "git add <file>..." to update what will be committed)
  (use "git restore <file>..." to discard changes in working directory)
        modified:   company_web_page.html


C:\Users\herncarl\temp\percipio\compay_web>git add company_web_page.html

C:\Users\herncarl\temp\percipio\compay_web>git status
On branch master
Changes to be committed:
  (use "git restore --staged <file>..." to unstage)
        new file:   about_company.html
        modified:   company_web_page.html


C:\Users\herncarl\temp\percipio\compay_web>git status --short
A  about_company.html
M  company_web_page.html

C:\Users\herncarl\temp\percipio\compay_web>git diff --staged
diff --git a/about_company.html b/about_company.html
new file mode 100644
index 0000000..3f9eb5e
--- /dev/null
+++ b/about_company.html
@@ -0,0 +1,10 @@
+<!DOCTYPE html>
+<html lang="en">
+<head>
+    <meta charset="UTF-8">
+    <title>About Us</title>
+</head>
+<body bgcolor="FFFFFF">
+    <p>A contract manufacturing (CM) company that manufactures electronic circuit boards for large OEMs (Original Equipment Manufacturers). The OEMs design
the hardware and circuits, and the CMs build the boards using the designs provided. The CMs use state-of-the-art manufacturing assembly techniques which include
 automated assembly lines where machines place the parts on pre-printed circuit boards, send them through ovens where the parts are solderec to the boards, and
wash the boards after they are soldered. The process involves set ups of the placement machines for each board; programming the profiles of the "ovens" so the t
emperatures are appropriate for the boards. After the boards come off the lines, they are tested using Automated Test equipment. Failures are tracked and brough
t to an in-house Failure Analysis lab to determine why the parts are failing and to determine where in the process problems might be occurring.</p>
+</body>
+</html>
diff --git a/company_web_page.html b/company_web_page.html
index 40acc2a..f429a58 100644
--- a/company_web_page.html
+++ b/company_web_page.html
@@ -7,11 +7,13 @@
 <body bgcolor="FFFFFF">
     <center><img src="images/logo.jpg" align="bottom" height="250" width="400"></center>
     <hr>
+    If you want to know more click here
+    <a href="about_company.html">About Us</a>
     <h1>This is a Header</h1>
     <p>This is a new paragraph!
     <p> <b>This is a new paragraph!<b>
     <br> <b><i>This is a new sentence without a paragraph break, in bold italics></i></b>
-
+    <br> <b><i>This is a new sentence without a paragraph break, in bold italics></i></b>
     <hr>
 </body>
 </html>

C:\Users\herncarl\temp\percipio\compay_web>git commit -a -m "Added about company page"
[master 9bb009a] Added about company page
 2 files changed, 13 insertions(+), 1 deletion(-)
 create mode 100644 about_company.html

C:\Users\herncarl\temp\percipio\compay_web>git status
On branch master
nothing to commit, working tree clean

C:\Users\herncarl\temp\percipio\compay_web>git push origin master
Enumerating objects: 6, done.
Counting objects: 100% (6/6), done.
Delta compression using up to 8 threads
Compressing objects: 100% (4/4), done.
Writing objects: 100% (4/4), 1.07 KiB | 364.00 KiB/s, done.
Total 4 (delta 1), reused 0 (delta 0), pack-reused 0
remote: Resolving deltas: 100% (1/1), completed with 1 local object.
To https://github.com/damedetufruta/web-page-repo.git
   ae26201..9bb009a  master -> master

C:\Users\herncarl\temp\percipio\compay_web>git log --stat
commit 9bb009a2a97e1d7a0b91c4e8b2c894f5e1917460 (HEAD -> master, origin/master)
Author: CarlosHPE <carlos-angel.hernandez-alaniz@hpe.com>
Date:   Mon Oct 19 15:22:57 2020 -0500

    Added about company page

 about_company.html    | 10 ++++++++++
 company_web_page.html |  4 +++-
 2 files changed, 13 insertions(+), 1 deletion(-)

commit ae26201061119a0b847729d4e90bc35324420bf2
Author: CarlosHPE <carlos-angel.hernandez-alaniz@hpe.com>
Date:   Mon Oct 19 14:59:08 2020 -0500

    Added web page

 company_web_page.html |  17 +++++++++++++++++
 images/logo.jpg       | Bin 0 -> 15811 bytes
 2 files changed, 17 insertions(+)

commit 6ff7d18cd0cd9be1be58b737e4f553bd03896b4e
Author: CarlosHPE <carlos-angel.hernandez-alaniz@hpe.com>
Date:   Mon Oct 19 13:23:32 2020 -0500

    This is my first commit

 README.md | 2 ++
 info.txt  | 2 ++
 2 files changed, 4 insertions(+)

C:\Users\herncarl\temp\percipio\compay_web>del info.txt

C:\Users\herncarl\temp\percipio\compay_web>git status
On branch master
Changes not staged for commit:
  (use "git add/rm <file>..." to update what will be committed)
  (use "git restore <file>..." to discard changes in working directory)
        deleted:    info.txt

no changes added to commit (use "git add" and/or "git commit -a")

C:\Users\herncarl\temp\percipio\compay_web>git rm --cached README.md
rm 'README.md'

C:\Users\herncarl\temp\percipio\compay_web>git status
On branch master
Changes to be committed:
  (use "git restore --staged <file>..." to unstage)
        deleted:    README.md

Changes not staged for commit:
  (use "git add/rm <file>..." to update what will be committed)
  (use "git restore <file>..." to discard changes in working directory)
        deleted:    info.txt

Untracked files:
  (use "git add <file>..." to include in what will be committed)
        README.md


C:\Users\herncarl\temp\percipio\compay_web>dir
 Volume in drive C is PC COE
 Volume Serial Number is FE46-E3DF

 Directory of C:\Users\herncarl\temp\percipio\compay_web

19/10/2020  03:43 p. m.    <DIR>          .
19/10/2020  03:43 p. m.    <DIR>          ..
19/10/2020  03:11 p. m.             1,087 about_company.html
19/10/2020  03:18 p. m.               618 company_web_page.html
19/10/2020  02:57 p. m.    <DIR>          images
19/10/2020  01:16 p. m.                24 README.md
               3 File(s)          1,729 bytes
               3 Dir(s)  28,674,916,352 bytes free

C:\Users\herncarl\temp\percipio\compay_web>git status
On branch master
Changes to be committed:
  (use "git restore --staged <file>..." to unstage)
        deleted:    README.md

Untracked files:
  (use "git add <file>..." to include in what will be committed)
        README.md


C:\Users\herncarl\temp\percipio\compay_web>git rm info.txt
rm 'info.txt'

C:\Users\herncarl\temp\percipio\compay_web>git status
On branch master
Changes to be committed:
  (use "git restore --staged <file>..." to unstage)
        deleted:    README.md
        deleted:    info.txt

Untracked files:
  (use "git add <file>..." to include in what will be committed)
        README.md


C:\Users\herncarl\temp\percipio\compay_web>git mv company_web_page.html brocadero_web_page.html

C:\Users\herncarl\temp\percipio\compay_web>git status
On branch master
Changes to be committed:
  (use "git restore --staged <file>..." to unstage)
        deleted:    README.md
        renamed:    company_web_page.html -> brocadero_web_page.html
        deleted:    info.txt

Untracked files:
  (use "git add <file>..." to include in what will be committed)
        README.md


C:\Users\herncarl\temp\percipio\compay_web>git checkout -b new_branch
Switched to a new branch 'new_branch'

C:\Users\herncarl\temp\percipio\compay_web>git status
On branch new_branch
Changes to be committed:
  (use "git restore --staged <file>..." to unstage)
        deleted:    README.md
        renamed:    company_web_page.html -> brocadero_web_page.html
        deleted:    info.txt

Untracked files:
  (use "git add <file>..." to include in what will be committed)
        README.md


C:\Users\herncarl\temp\percipio\compay_web>git commit -m "Rename company_web_page.html and remove info.txt and README.md"
[new_branch 93ab406] Rename company_web_page.html and remove info.txt and README.md
 3 files changed, 4 deletions(-)
 delete mode 100644 README.md
 rename company_web_page.html => brocadero_web_page.html (100%)
 delete mode 100644 info.txt

C:\Users\herncarl\temp\percipio\compay_web>git status
On branch new_branch
Untracked files:
  (use "git add <file>..." to include in what will be committed)
        README.md

nothing added to commit but untracked files present (use "git add" to track)

C:\Users\herncarl\temp\percipio\compay_web>git checkout master
error: The following untracked working tree files would be overwritten by checkout:
        README.md
Please move or remove them before you switch branches.
Aborting

C:\Users\herncarl\temp\percipio\compay_web>git status
On branch new_branch
Untracked files:
  (use "git add <file>..." to include in what will be committed)
        README.md

nothing added to commit but untracked files present (use "git add" to track)

C:\Users\herncarl\temp\percipio\compay_web>git add .

C:\Users\herncarl\temp\percipio\compay_web>git status
On branch new_branch
Changes to be committed:
  (use "git restore --staged <file>..." to unstage)
        new file:   README.md


C:\Users\herncarl\temp\percipio\compay_web>git stash readme
fatal: unknown subcommand: readme

usage: git stash list [<options>]
   or: git stash show [<options>] [<stash>]
   or: git stash drop [-q|--quiet] [<stash>]
   or: git stash ( pop | apply ) [--index] [-q|--quiet] [<stash>]
   or: git stash branch <branchname> [<stash>]
   or: git stash clear
   or: git stash [push [-p|--patch] [-k|--[no-]keep-index] [-q|--quiet]
          [-u|--include-untracked] [-a|--all] [-m|--message <message>]
          [--pathspec-from-file=<file> [--pathspec-file-nul]]
          [--] [<pathspec>...]]
   or: git stash save [-p|--patch] [-k|--[no-]keep-index] [-q|--quiet]
          [-u|--include-untracked] [-a|--all] [<message>]


C:\Users\herncarl\temp\percipio\compay_web>git stash push -m "readme"
Saved working directory and index state On new_branch: readme

C:\Users\herncarl\temp\percipio\compay_web>git stash list
stash@{0}: On new_branch: readme

C:\Users\herncarl\temp\percipio\compay_web>git status
On branch new_branch
nothing to commit, working tree clean

C:\Users\herncarl\temp\percipio\compay_web>git stash show
 README.md | 2 ++
 1 file changed, 2 insertions(+)

C:\Users\herncarl\temp\percipio\compay_web>git checkout master
Switched to branch 'master'

C:\Users\herncarl\temp\percipio\compay_web>dir
 Volume in drive C is PC COE
 Volume Serial Number is FE46-E3DF

 Directory of C:\Users\herncarl\temp\percipio\compay_web

19/10/2020  04:02 p. m.    <DIR>          .
19/10/2020  04:02 p. m.    <DIR>          ..
19/10/2020  03:11 p. m.             1,087 about_company.html
19/10/2020  04:02 p. m.               618 company_web_page.html
19/10/2020  02:57 p. m.    <DIR>          images
19/10/2020  04:02 p. m.                44 info.txt
19/10/2020  04:02 p. m.                24 README.md
               4 File(s)          1,773 bytes
               3 Dir(s)  28,631,855,104 bytes free

C:\Users\herncarl\temp\percipio\compay_web>vim history.html

C:\Users\herncarl\temp\percipio\compay_web>git status
On branch master
Untracked files:
  (use "git add <file>..." to include in what will be committed)
        history.html

nothing added to commit but untracked files present (use "git add" to track)

C:\Users\herncarl\temp\percipio\compay_web>git ad history.html
git: 'ad' is not a git command. See 'git --help'.

The most similar commands are
        add
        am

C:\Users\herncarl\temp\percipio\compay_web>git add history.html

C:\Users\herncarl\temp\percipio\compay_web>git commit -m "Added history page"
[master ad4c271] Added history page
 1 file changed, 12 insertions(+)
 create mode 100644 history.html

C:\Users\herncarl\temp\percipio\compay_web>git status
On branch master
nothing to commit, working tree clean

C:\Users\herncarl\temp\percipio\compay_web>git logo
ad4c271 (HEAD -> master) Added history page
9bb009a (origin/master) Added about company page
ae26201 Added web page
6ff7d18 This is my first commit

C:\Users\herncarl\temp\percipio\compay_web>git checkout new_branch
Switched to branch 'new_branch'

C:\Users\herncarl\temp\percipio\compay_web>git checkoug master
git: 'checkoug' is not a git command. See 'git --help'.

The most similar command is
        checkout

C:\Users\herncarl\temp\percipio\compay_web>git checkout new_branch
Already on 'new_branch'

C:\Users\herncarl\temp\percipio\compay_web>git checkout master
Switched to branch 'master'

C:\Users\herncarl\temp\percipio\compay_web>git status
On branch master
nothing to commit, working tree clean

C:\Users\herncarl\temp\percipio\compay_web>git checkout new_branch
Switched to branch 'new_branch'

C:\Users\herncarl\temp\percipio\compay_web>git checkout master
Switched to branch 'master'

C:\Users\herncarl\temp\percipio\compay_web>git checkout new_branch
Switched to branch 'new_branch'

C:\Users\herncarl\temp\percipio\compay_web>vim about_company.html

C:\Users\herncarl\temp\percipio\compay_web>git status
On branch new_branch
Changes not staged for commit:
  (use "git add <file>..." to update what will be committed)
  (use "git restore <file>..." to discard changes in working directory)
        modified:   about_company.html

no changes added to commit (use "git add" and/or "git commit -a")

C:\Users\herncarl\temp\percipio\compay_web>git add about_company.html

C:\Users\herncarl\temp\percipio\compay_web>git commit -m "Added heading"
[new_branch 558330f] Added heading
 1 file changed, 2 insertions(+)

C:\Users\herncarl\temp\percipio\compay_web>git logo
558330f (HEAD -> new_branch) Added heading
93ab406 Rename company_web_page.html and remove info.txt and README.md
9bb009a (origin/master) Added about company page
ae26201 Added web page
6ff7d18 This is my first commit

C:\Users\herncarl\temp\percipio\compay_web>git checkout master
Switched to branch 'master'

C:\Users\herncarl\temp\percipio\compay_web>git merge new_branch
Removing info.txt
Removing README.md
Merge made by the 'recursive' strategy.
 README.md                                        | 2 --
 about_company.html                               | 2 ++
 company_web_page.html => brocadero_web_page.html | 0
 info.txt                                         | 2 --
 4 files changed, 2 insertions(+), 4 deletions(-)
 delete mode 100644 README.md
 rename company_web_page.html => brocadero_web_page.html (100%)
 delete mode 100644 info.txt

C:\Users\herncarl\temp\percipio\compay_web>git status
On branch master
nothing to commit, working tree clean

C:\Users\herncarl\temp\percipio\compay_web>git logo
ec8df0b (HEAD -> master) Merge branch 'new_branch' into master
558330f (new_branch) Added heading
ad4c271 Added history page
93ab406 Rename company_web_page.html and remove info.txt and README.md
9bb009a (origin/master) Added about company page
ae26201 Added web page
6ff7d18 This is my first commit

C:\Users\herncarl\temp\percipio\compay_web>git log --pretty=oneline
ec8df0bbbe3c6df8e73d1625dc0924b22b76e10c (HEAD -> master) Merge branch 'new_branch' into master
558330f82422fcef6fe948ce7f84b68b2983561a (new_branch) Added heading
ad4c271d6bfb747239990fc3c670d8174252491f Added history page
93ab406f752bb2e5070f51f57580515def28140d Rename company_web_page.html and remove info.txt and README.md
9bb009a2a97e1d7a0b91c4e8b2c894f5e1917460 (origin/master) Added about company page
ae26201061119a0b847729d4e90bc35324420bf2 Added web page
6ff7d18cd0cd9be1be58b737e4f553bd03896b4e This is my first commit

C:\Users\herncarl\temp\percipio\compay_web>git log --oneline --no-merges
558330f (new_branch) Added heading
ad4c271 Added history page
93ab406 Rename company_web_page.html and remove info.txt and README.md
9bb009a (origin/master) Added about company page
ae26201 Added web page
6ff7d18 This is my first commit

C:\Users\herncarl\temp\percipio\compay_web>git push origin master
Enumerating objects: 12, done.
Counting objects: 100% (12/12), done.
Delta compression using up to 8 threads
Compressing objects: 100% (10/10), done.
Writing objects: 100% (10/10), 1.30 KiB | 266.00 KiB/s, done.
Total 10 (delta 5), reused 0 (delta 0), pack-reused 0
remote: Resolving deltas: 100% (5/5), completed with 2 local objects.
To https://github.com/damedetufruta/web-page-repo.git
   9bb009a..ec8df0b  master -> master

C:\Users\herncarl\temp\percipio\compay_web>git branch
* master
  new_branch

C:\Users\herncarl\temp\percipio\compay_web>gh --version
'gh' is not recognized as an internal or external command,
operable program or batch file.

C:\Users\herncarl\temp\percipio\compay_web>gh pr status
'gh' is not recognized as an internal or external command,
operable program or batch file.

C:\Users\herncarl\temp\percipio\compay_web>gh pr status
'gh' is not recognized as an internal or external command,
operable program or batch file.

C:\Users\herncarl\temp\percipio\compay_web>dir
 Volume in drive C is PC COE
 Volume Serial Number is FE46-E3DF

 Directory of C:\Users\herncarl\temp\percipio\compay_web

19/10/2020  06:17 p. m.    <DIR>          .
19/10/2020  06:17 p. m.    <DIR>          ..
19/10/2020  06:17 p. m.             1,110 about_company.html
19/10/2020  06:17 p. m.               618 brocadero_web_page.html
19/10/2020  06:16 p. m.               324 history.html
19/10/2020  02:57 p. m.    <DIR>          images
               3 File(s)          2,052 bytes
               3 Dir(s)  30,866,477,056 bytes free

C:\Users\herncarl\temp\percipio\compay_web>git status
On branch master
nothing to commit, working tree clean

C:\Users\herncarl\temp\percipio\compay_web>git logo
ec8df0b (HEAD -> master, origin/master) Merge branch 'new_branch' into master
558330f (new_branch) Added heading
ad4c271 Added history page
93ab406 Rename company_web_page.html and remove info.txt and README.md
9bb009a Added about company page
ae26201 Added web page
6ff7d18 This is my first commit

C:\Users\herncarl\temp\percipio\compay_web>bat history.html
───────┬────────────────────────────────────────────────────────────────────────────────────────────────────────────────────────────────────────────────────────
       │ File: history.html
───────┼────────────────────────────────────────────────────────────────────────────────────────────────────────────────────────────────────────────────────────
   1   │ <!DOCTYPE html>
   2   │ <html lang="en">
   3   │ <head>
   4   │     <meta charset="UTF-8">
   5   │     <title>History</title>
   6   │ </head>
   7   │ <body bgcolor="FFFFFF">
   8   │     <h1>History</h1>
   9   │     <p>Brocadero was founded by <b>Tony Lucas</b> in 1952. Tony served as President from 1952 to 1958. Brocadero had an IPO in May 1970 and a SPO in Ju
       │ ly 1971.
  10   │ </body>
  11   │ </html>
  12   │

C:\Users\herncarl\temp\percipio\compay_web>git status
On branch master
Changes not staged for commit:
  (use "git add <file>..." to update what will be committed)
  (use "git restore <file>..." to discard changes in working directory)
        modified:   history.html

no changes added to commit (use "git add" and/or "git commit -a")

C:\Users\herncarl\temp\percipio\compay_web>git add history.html

C:\Users\herncarl\temp\percipio\compay_web>git status
On branch master
Changes to be committed:
  (use "git restore --staged <file>..." to unstage)
        modified:   history.html


C:\Users\herncarl\temp\percipio\compay_web>git commit -m "Added italics and underline"
[master 004888d] Added italics and underline
 1 file changed, 1 insertion(+), 1 deletion(-)

C:\Users\herncarl\temp\percipio\compay_web>git push origin master
To https://github.com/damedetufruta/web-page-repo.git
 ! [rejected]        master -> master (fetch first)
error: failed to push some refs to 'https://github.com/damedetufruta/web-page-repo.git'
hint: Updates were rejected because the remote contains work that you do
hint: not have locally. This is usually caused by another repository pushing
hint: to the same ref. You may want to first integrate the remote changes
hint: (e.g., 'git pull ...') before pushing again.
hint: See the 'Note about fast-forwards' in 'git push --help' for details.

C:\Users\herncarl\temp\percipio\compay_web>git pull
remote: Enumerating objects: 17, done.
remote: Counting objects: 100% (17/17), done.
remote: Compressing objects: 100% (13/13), done.
remote: Total 13 (delta 6), reused 0 (delta 0), pack-reused 0
Unpacking objects: 100% (13/13), 4.34 KiB | 45.00 KiB/s, done.
From https://github.com/damedetufruta/web-page-repo
 * [new branch]      feature-ch2k4 -> origin/feature-ch2k4
   a5e6621..4cee77f  feature-fruta -> origin/feature-fruta
   ec8df0b..98eab1f  master        -> origin/master
There is no tracking information for the current branch.
Please specify which branch you want to merge with.
See git-pull(1) for details.

    git pull <remote> <branch>

If you wish to set tracking information for this branch you can do so with:

    git branch --set-upstream-to=origin/<branch> master


C:\Users\herncarl\temp\percipio\compay_web>git status
On branch master
nothing to commit, working tree clean

C:\Users\herncarl\temp\percipio\compay_web>git pull origin master
From https://github.com/damedetufruta/web-page-repo
 * branch            master     -> FETCH_HEAD
Auto-merging history.html
CONFLICT (content): Merge conflict in history.html
Automatic merge failed; fix conflicts and then commit the result.

C:\Users\herncarl\temp\percipio\compay_web>git remote -v
origin  https://github.com/damedetufruta/web-page-repo.git (fetch)
origin  https://github.com/damedetufruta/web-page-repo.git (push)

C:\Users\herncarl\temp\percipio\compay_web>git status
On branch master
You have unmerged paths.
  (fix conflicts and run "git commit")
  (use "git merge --abort" to abort the merge)

Unmerged paths:
  (use "git add <file>..." to mark resolution)
        both modified:   history.html

no changes added to commit (use "git add" and/or "git commit -a")

C:\Users\herncarl\temp\percipio\compay_web>dir
 Volume in drive C is PC COE
 Volume Serial Number is FE46-E3DF

 Directory of C:\Users\herncarl\temp\percipio\compay_web

19/10/2020  10:03 p. m.    <DIR>          .
19/10/2020  10:03 p. m.    <DIR>          ..
19/10/2020  06:17 p. m.             1,110 about_company.html
19/10/2020  06:17 p. m.               618 brocadero_web_page.html
19/10/2020  10:03 p. m.               568 history.html
19/10/2020  02:57 p. m.    <DIR>          images
               3 File(s)          2,296 bytes
               3 Dir(s)  30,850,125,824 bytes free

C:\Users\herncarl\temp\percipio\compay_web>git status
On branch master
You have unmerged paths.
  (fix conflicts and run "git commit")
  (use "git merge --abort" to abort the merge)

Unmerged paths:
  (use "git add <file>..." to mark resolution)
        both modified:   history.html

no changes added to commit (use "git add" and/or "git commit -a")

C:\Users\herncarl\temp\percipio\compay_web>git add history.html

C:\Users\herncarl\temp\percipio\compay_web>git status
On branch master
All conflicts fixed but you are still merging.
  (use "git commit" to conclude merge)


C:\Users\herncarl\temp\percipio\compay_web>git commit
[master ed9c585] Added italics and underline

C:\Users\herncarl\temp\percipio\compay_web>git logo
ed9c585 (HEAD -> master) Added italics and underline
004888d Added italics and underline
98eab1f (origin/master) Merge pull request #3 from damedetufruta/feature-fruta
4cee77f (origin/feature-fruta) Merge branch 'master' into feature-fruta
cfa0168 Added underline
c481554 Merge pull request #2 from damedetufruta/feature-ch2k4
6a6cfde (origin/feature-ch2k4) Added " / "
240b428 Update history.html
9847e52 Merge pull request #1 from damedetufruta/feature-fruta
a5e6621 Update history.html
ec8df0b Merge branch 'new_branch' into master
558330f (new_branch) Added heading
ad4c271 Added history page
93ab406 Rename company_web_page.html and remove info.txt and README.md
9bb009a Added about company page
ae26201 Added web page
6ff7d18 This is my first commit

C:\Users\herncarl\temp\percipio\compay_web>git push origin master
Enumerating objects: 8, done.
Counting objects: 100% (8/8), done.
Delta compression using up to 8 threads
Compressing objects: 100% (4/4), done.
Writing objects: 100% (4/4), 445 bytes | 222.00 KiB/s, done.
Total 4 (delta 3), reused 0 (delta 0), pack-reused 0
remote: Resolving deltas: 100% (3/3), completed with 2 local objects.
To https://github.com/damedetufruta/web-page-repo.git
   98eab1f..ed9c585  master -> master

C:\Users\herncarl\temp\percipio\compay_web>git tag

C:\Users\herncarl\temp\percipio\compay_web>git tag stable master

C:\Users\herncarl\temp\percipio\compay_web>git tag
stable

C:\Users\herncarl\temp\percipio\compay_web>git tag -v

C:\Users\herncarl\temp\percipio\compay_web>git tag
stable

C:\Users\herncarl\temp\percipio\compay_web>git log --oneline --graph --decorate --all
*   ed9c585 (HEAD -> master, tag: stable, origin/master) Added italics and underline
|\
| *   98eab1f Merge pull request #3 from damedetufruta/feature-fruta
| |\
| | *   4cee77f (origin/feature-fruta) Merge branch 'master' into feature-fruta
| | |\
| | |/
| |/|
| * |   c481554 Merge pull request #2 from damedetufruta/feature-ch2k4
| |\ \
| | * | 6a6cfde (origin/feature-ch2k4) Added " / "
| | * | 240b428 Update history.html
| |/ /
| * |   9847e52 Merge pull request #1 from damedetufruta/feature-fruta
| |\ \
| | | * cfa0168 Added underline
| | |/
| | * a5e6621 Update history.html
| |/
* / 004888d Added italics and underline
|/
*   ec8df0b Merge branch 'new_branch' into master
|\
| * 558330f (new_branch) Added heading
* | ad4c271 Added history page
| | * 066dc44 (refs/stash) On new_branch: readme
| |/|
| | * 0d6597f index on new_branch: 93ab406 Rename company_web_page.html and remove info.txt and README.md
| |/
| * 93ab406 Rename company_web_page.html and remove info.txt and README.md
|/
* 9bb009a Added about company page
* ae26201 Added web page
* 6ff7d18 This is my first commit

C:\Users\herncarl\temp\percipio\compay_web>git tag -a v0.1 -m "0.1 release" 9bb009

C:\Users\herncarl\temp\percipio\compay_web>git tag
stable
v0.1

C:\Users\herncarl\temp\percipio\compay_web>git tag -a v0.2 -m "0.2 release" ad4c271

C:\Users\herncarl\temp\percipio\compay_web>git tag
stable
v0.1
v0.2

C:\Users\herncarl\temp\percipio\compay_web>git log --oneline --graph --decorate --all
*   ed9c585 (HEAD -> master, tag: stable, origin/master) Added italics and underline
|\
| *   98eab1f Merge pull request #3 from damedetufruta/feature-fruta
| |\
| | *   4cee77f (origin/feature-fruta) Merge branch 'master' into feature-fruta
| | |\
| | |/
| |/|
| * |   c481554 Merge pull request #2 from damedetufruta/feature-ch2k4
| |\ \
| | * | 6a6cfde (origin/feature-ch2k4) Added " / "
| | * | 240b428 Update history.html
| |/ /
| * |   9847e52 Merge pull request #1 from damedetufruta/feature-fruta
| |\ \
| | | * cfa0168 Added underline
| | |/
| | * a5e6621 Update history.html
| |/
* / 004888d Added italics and underline
|/
*   ec8df0b Merge branch 'new_branch' into master
|\
| * 558330f (new_branch) Added heading
* | ad4c271 (tag: v0.2) Added history page
| | * 066dc44 (refs/stash) On new_branch: readme
| |/|
| | * 0d6597f index on new_branch: 93ab406 Rename company_web_page.html and remove info.txt and README.md
| |/
| * 93ab406 Rename company_web_page.html and remove info.txt and README.md
|/
* 9bb009a (tag: v0.1) Added about company page
* ae26201 Added web page
* 6ff7d18 This is my first commit

C:\Users\herncarl\temp\percipio\compay_web>git push --tags
Enumerating objects: 2, done.
Counting objects: 100% (2/2), done.
Delta compression using up to 8 threads
Compressing objects: 100% (2/2), done.
Writing objects: 100% (2/2), 320 bytes | 32.00 KiB/s, done.
Total 2 (delta 0), reused 0 (delta 0), pack-reused 0
To https://github.com/damedetufruta/web-page-repo.git
 * [new tag]         stable -> stable
 * [new tag]         v0.1 -> v0.1
 * [new tag]         v0.2 -> v0.2

C:\Users\herncarl\temp\percipio\compay_web>git tab -d "stable"
git: 'tab' is not a git command. See 'git --help'.

The most similar command is
        tag

C:\Users\herncarl\temp\percipio\compay_web>git tag -d "stable"
Deleted tag 'stable' (was ed9c585)

C:\Users\herncarl\temp\percipio\compay_web>git tag
v0.1
v0.2

C:\Users\herncarl\temp\percipio\compay_web>git tag -d "v0.1"
Deleted tag 'v0.1' (was 1fcf914)

C:\Users\herncarl\temp\percipio\compay_web>git show v0.2
tag v0.2
Tagger: CarlosHPE <carlos-angel.hernandez-alaniz@hpe.com>
Date:   Mon Oct 19 22:40:24 2020 -0500

0.2 release

commit ad4c271d6bfb747239990fc3c670d8174252491f (tag: v0.2)
Author: CarlosHPE <carlos-angel.hernandez-alaniz@hpe.com>
Date:   Mon Oct 19 16:07:44 2020 -0500

    Added history page

diff --git a/history.html b/history.html
new file mode 100644
index 0000000..6527e66
--- /dev/null
+++ b/history.html
@@ -0,0 +1,12 @@
+<!DOCTYPE html>
+<html lang="en">
+<head>
+    <meta charset="UTF-8">
+    <title>History</title>
+</head>
+<body bgcolor="FFFFFF">
+    <h1>History</h1>
+    <p>Brocadero was founded by <b>Tony Lucas</b> in 1952. Tony served as President from 1952 to 1958. Brocadero had an IPO in May 1970 and a SPO in July 1971.+</body>
+</html>
+

C:\Users\herncarl\temp\percipio\compay_web>git push origin :v0.1
To https://github.com/damedetufruta/web-page-repo.git
 - [deleted]         v0.1

C:\Users\herncarl\temp\percipio\compay_web>

